C51 COMPILER V9.53.0.0   CONFIG                                                            08/23/2019 16:35:56 PAGE 1   


C51 COMPILER V9.53.0.0, COMPILATION OF MODULE CONFIG
OBJECT MODULE PLACED IN Config.OBJ
COMPILER INVOKED BY: C:\Keil_v5\C51\BIN\C51.exe Config.c DB OE BR INCDIR(C:\SiLabs\MCU\Inc)

line level    source

   1          #include "Config.h" 
   2          
   3          // Peripheral specific initialization functions,
   4          // Called from the Init_Device() function
   5          void Reset_Sources_Init()
   6          {
   7   1          int i = 0;
   8   1          VDM0CN    = 0x80;
   9   1          for (i = 0; i < 350; i++);  // Wait 100us for initialization
  10   1          RSTSRC    = 0x06;
  11   1      }
  12          
  13          void PCA_Init()
  14          {
  15   1          PCA0CN    = 0x40;
  16   1          PCA0MD    &= ~0x40;
  17   1          PCA0MD    = 0x04;
  18   1          PCA0CPM0  = 0xC2;
  19   1          PCA0CPM1  = 0x11;
  20   1          PCA0CPL0  = 0xF7;
  21   1          PCA0CPL4  = 0xFF;
  22   1          PCA0MD    |= 0x40;
  23   1          PCA0CPH0  = 0xFF;
  24   1          PCA0CPH4  = 0xFF;
  25   1      }
  26          
  27          void Timer_Init()
  28          {
  29   1          TCON      = 0x50;
  30   1          TMOD      = 0x22;
  31   1          CKCON     = 0x0C;
  32   1          TL0       = 0xE2;
  33   1          TH0       = 0xE2;
  34   1          TH1       = 0x96;
  35   1      }
  36          
  37          void UART_Init()
  38          {
  39   1          SCON0     = 0x30;
  40   1      }
  41          
  42          void ADC_Init()
  43          {
  44   1          AMX0P     = 0x0E;
  45   1          AMX0N     = 0x1F;
  46   1          ADC0CN    = 0x80;
  47   1      }
  48          
  49          void Port_IO_Init()
  50          {
  51   1          // P0.0  -  Skipped,     Open-Drain, Digital
  52   1          // P0.1  -  Skipped,     Open-Drain, Digital
  53   1          // P0.2  -  Skipped,     Open-Drain, Digital
  54   1          // P0.3  -  Skipped,     Push-Pull,  Digital
  55   1          // P0.4  -  TX0 (UART0), Push-Pull,  Digital
C51 COMPILER V9.53.0.0   CONFIG                                                            08/23/2019 16:35:56 PAGE 2   

  56   1          // P0.5  -  RX0 (UART0), Open-Drain, Digital
  57   1          // P0.6  -  Skipped,     Open-Drain, Digital
  58   1          // P0.7  -  Skipped,     Open-Drain, Digital
  59   1      
  60   1          // P1.0  -  CEX0 (PCA),  Push-Pull,  Digital
  61   1          // P1.1  -  CEX1 (PCA),  Open-Drain, Digital
  62   1          // P1.2  -  Unassigned,  Open-Drain, Digital
  63   1          // P1.3  -  Unassigned,  Open-Drain, Digital
  64   1          // P1.4  -  Unassigned,  Open-Drain, Digital
  65   1          // P1.5  -  Unassigned,  Open-Drain, Digital
  66   1          // P1.6  -  Unassigned,  Open-Drain, Digital
  67   1          // P1.7  -  Unassigned,  Open-Drain, Digital
  68   1          // P2.0  -  Unassigned,  Push-Pull,  Digital
  69   1          // P2.1  -  Unassigned,  Push-Pull,  Digital
  70   1          // P2.2  -  Unassigned,  Push-Pull,  Digital
  71   1          // P2.3  -  Unassigned,  Push-Pull,  Digital
  72   1      
  73   1          P2MDIN    = 0xBF;
  74   1          P0MDOUT   = 0x18;
  75   1          P1MDOUT   = 0x01;
  76   1          P2MDOUT   = 0x8F;
  77   1          P3MDOUT   = 0x1C;
  78   1          P0SKIP    = 0xCF;
  79   1          XBR0      = 0x01;
  80   1          XBR1      = 0x42;
  81   1      }
  82          
  83          void Oscillator_Init()
  84          {
  85   1          OSCICN    = 0x83;
  86   1      }
  87          
  88          void Interrupts_Init()
  89          {
  90   1          EIE1      = 0x10;
  91   1          IE        = 0x10;
  92   1      }
  93          
  94          // Initialization function for device,
  95          // Call Init_Device() from your main program
  96          void Init_Device(void)
  97          {
  98   1          Reset_Sources_Init();
  99   1          PCA_Init();
 100   1          Timer_Init();
 101   1          UART_Init();
 102   1          ADC_Init();
 103   1          Port_IO_Init();
 104   1          Oscillator_Init();
 105   1          Interrupts_Init();
 106   1      }


MODULE INFORMATION:   STATIC OVERLAYABLE
   CODE SIZE        =    145    ----
   CONSTANT SIZE    =   ----    ----
   XDATA SIZE       =   ----    ----
   PDATA SIZE       =   ----    ----
   DATA SIZE        =   ----    ----
   IDATA SIZE       =   ----    ----
   BIT SIZE         =   ----    ----
END OF MODULE INFORMATION.

C51 COMPILER V9.53.0.0   CONFIG                                                            08/23/2019 16:35:56 PAGE 3   


C51 COMPILATION COMPLETE.  0 WARNING(S),  0 ERROR(S)
