C51 COMPILER V9.53.0.0   MAIN                                                              08/23/2019 16:35:58 PAGE 1   


C51 COMPILER V9.53.0.0, COMPILATION OF MODULE MAIN
OBJECT MODULE PLACED IN Main.OBJ
COMPILER INVOKED BY: C:\Keil_v5\C51\BIN\C51.exe Main.c DB OE BR INCDIR(C:\SiLabs\MCU\Inc)

line level    source

   1          
   2          #include "Config.h"
   3          #include "MCU_IO.h"
   4          
   5          
   6          void parsingControl();
   7          void sendAnswer();
   8          void RunLED();
   9          void readADC();
  10          
  11          //------------------------------------------------------------------------------//
  12          //                               Main function                                  //
  13          //------------------------------------------------------------------------------//
  14          // Инициализация портов
  15          void Init_IO()
  16          {
  17   1              P0 = P0_IO;
  18   1              P1 = P1_IO;
  19   1              P2 = P2_IO;
  20   1              P3 = P3_IO;     
  21   1              //Выключение Bluetooth
  22   1              BT_EN = 1;
  23   1      }
  24          
  25          void UART_RX_DECODE()
  26          {
  27   1              b_uart_rx = 0;
  28   1              AD0BUSY = 1;
  29   1              
  30   1              if(UART_Buffer[UART_CMD] == CMD_CONTROL)
  31   1              {
  32   2                      parsingControl();
  33   2              }       
  34   1      }
  35          
  36          void parsingControl()
  37          {
  38   1      
  39   1              char control = UART_Buffer[UART_Data + 3];
  40   1          bit cb0 = (control >> 0) & 1u;
  41   1              bit cb1 = (control >> 1) & 1u;
  42   1              bit cb2 = (control >> 2) & 1u;
  43   1              bit cb3 = (control >> 3) & 1u;
  44   1              
  45   1              LED0 = cb0;
  46   1              FORWARD = cb0;
  47   1      
  48   1              LED1 = cb1;
  49   1              BACKWARD = cb1; 
  50   1      
  51   1              LED2 = cb2;
  52   1              LEFT = cb2;
  53   1              
  54   1              LED3  = cb3;
  55   1              RIGHT = cb3;
C51 COMPILER V9.53.0.0   MAIN                                                              08/23/2019 16:35:58 PAGE 2   

  56   1                                      
  57   1              sendAnswer();
  58   1      }
  59          
  60          void sendAnswer()  
  61          {
  62   1              SBUF0 = 0;
  63   1              readADC();
  64   1      }
  65          
  66          unsigned short volt = 0;
  67          unsigned char adc_h;
  68          unsigned char adc_l;
  69          void readADC()
  70          {       
  71   1              adc_h = ADC0H;
  72   1              adc_l = ADC0L;
  73   1      
  74   1              volt = (adc_h << 8);
  75   1              volt |= adc_l;
  76   1      }
  77          
  78          
  79          void main(void)
  80          {
  81   1              
  82   1              PCA0MD &= ~0x40; // Disable the watchdog timer 
  83   1      
  84   1              Init_Device();
  85   1              Init_IO();
  86   1              EA = 1;
  87   1         //   IP |= 0x10;                         // Make UART high priority
  88   1              ES0 = 1;                            // Enable UART0 interrupts
  89   1              while(1) {
  90   2                      PCA0MD &= ~0x40;
  91   2                      if(b_uart_rx)           
  92   2                              UART_RX_DECODE();               
  93   2              };
  94   1      }
  95          
  96          #define uart_head_h 0xAB
  97          #define uart_head_l 0xBA
  98          static int readByte = 0;
  99          static int sizeData = 0;
 100          
 101          
 102          char getCRC(unsigned char size)
 103          {
 104   1              char crc = 0;
 105   1              char i;
 106   1              for (i = 0; i < size; i++)
 107   1              {
 108   2                      crc += UART_Buffer[i];  
 109   2              }
 110   1              return crc;
 111   1      }
 112          
 113          unsigned short Range = 0;
 114          unsigned char range_h;
 115          unsigned char range_l;
 116          
 117          void readRange(void) interrupt 11
C51 COMPILER V9.53.0.0   MAIN                                                              08/23/2019 16:35:58 PAGE 3   

 118          {
 119   1              if(CCF1 == 1)
 120   1              {
 121   2                      CCF1 = 0;
 122   2      
 123   2                      range_h = PCA0CPH1;
 124   2                      range_l = PCA0CPL1;
 125   2      
 126   2                      Range = (range_h << 8);
 127   2                      Range |= range_l;
 128   2              }
 129   1      }
 130          
 131          
 132          int val = 0;
 133          
 134          void UART0_Interrupt (void) interrupt 4
 135          {
 136   1         PCA0MD &= ~0x40;
 137   1         if (TI0 == 1)                   // Check if transmit flag is set
 138   1         {
 139   2            TI0 = 0; 
 140   2         }
 141   1      
 142   1         if (RI0 == 1)
 143   1         {  
 144   2      
 145   2            RI0 = 0;                           // Clear interrupt flag        
 146   2                UART_Buffer[readByte] = SBUF0;      // Store in array
 147   2      
 148   2              if(readByte == 0)
 149   2              {
 150   3                      if(UART_Buffer[readByte] == uart_head_h)                
 151   3                              readByte++;     
 152   3      
 153   3                      return;
 154   3              }
 155   2          
 156   2              if(readByte == 1)
 157   2              {
 158   3                      if(UART_Buffer[readByte] == uart_head_l)        
 159   3                              readByte++;             
 160   3                      else 
 161   3                              readByte = 0;
 162   3      
 163   3                      return;
 164   3              }
 165   2      
 166   2              if(readByte == 2 || readByte == 3)
 167   2              {
 168   3                      readByte++;
 169   3                      return;
 170   3              }
 171   2      
 172   2          if(readByte == 4)
 173   2              {
 174   3                      sizeData = UART_Buffer[readByte];
 175   3                      readByte++;
 176   3                      return;
 177   3              }
 178   2              
 179   2              while(readByte < sizeData + 5)
C51 COMPILER V9.53.0.0   MAIN                                                              08/23/2019 16:35:58 PAGE 4   

 180   2              {
 181   3                  readByte++; 
 182   3                      return;
 183   3              }
 184   2      
 185   2          if(readByte == sizeData + 5)
 186   2              {
 187   3                      if(UART_Buffer[readByte] == getCRC(readByte))   
 188   3                              b_uart_rx = 1;  
 189   3      
 190   3              }
 191   2          readByte = 0;             
 192   2      
 193   2         }
 194   1      }


MODULE INFORMATION:   STATIC OVERLAYABLE
   CODE SIZE        =    467    ----
   CONSTANT SIZE    =   ----    ----
   XDATA SIZE       =   ----    ----
   PDATA SIZE       =   ----    ----
   DATA SIZE        =     82    ----
   IDATA SIZE       =   ----    ----
   BIT SIZE         =      1       4
END OF MODULE INFORMATION.


C51 COMPILATION COMPLETE.  0 WARNING(S),  0 ERROR(S)
